Release 12.1 - xst M.53d (nt)
Copyright (c) 1995-2010 Xilinx, Inc.  All rights reserved.
--> Parameter TMPDIR set to xst/projnav.tmp


Total REAL time to Xst completion: 0.00 secs
Total CPU time to Xst completion: 0.06 secs
 
--> Parameter xsthdpdir set to xst


Total REAL time to Xst completion: 0.00 secs
Total CPU time to Xst completion: 0.06 secs
 
--> Reading design: tmp.prj

TABLE OF CONTENTS
  1) Synthesis Options Summary
  2) HDL Compilation
  3) Design Hierarchy Analysis
  4) HDL Analysis
  5) HDL Synthesis
     5.1) HDL Synthesis Report
  6) Advanced HDL Synthesis
     6.1) Advanced HDL Synthesis Report
  7) Low Level Synthesis
  8) Partition Report
  9) Final Report
	9.1) Device utilization summary
	9.2) Partition Resource Summary
	9.3) TIMING REPORT


=========================================================================
*                      Synthesis Options Summary                        *
=========================================================================
---- Source Parameters
Input File Name                    : "tmp.prj"
Input Format                       : mixed
Ignore Synthesis Constraint File   : NO

---- Target Parameters
Output File Name                   : "tmp"
Output Format                      : NGC
Target Device                      : xc3s500e-5-fg320

---- Source Options
Top Module Name                    : tmp
Automatic FSM Extraction           : YES
FSM Encoding Algorithm             : Auto
Safe Implementation                : No
FSM Style                          : lut
RAM Extraction                     : Yes
RAM Style                          : Auto
ROM Extraction                     : Yes
Mux Style                          : Auto
Decoder Extraction                 : YES
Priority Encoder Extraction        : YES
Shift Register Extraction          : YES
Logical Shifter Extraction         : YES
XOR Collapsing                     : YES
ROM Style                          : Auto
Mux Extraction                     : YES
Resource Sharing                   : YES
Asynchronous To Synchronous        : NO
Multiplier Style                   : auto
Automatic Register Balancing       : No

---- Target Options
Add IO Buffers                     : YES
Global Maximum Fanout              : 500
Add Generic Clock Buffer(BUFG)     : 24
Register Duplication               : YES
Slice Packing                      : YES
Optimize Instantiated Primitives   : NO
Use Clock Enable                   : Yes
Use Synchronous Set                : Yes
Use Synchronous Reset              : Yes
Pack IO Registers into IOBs        : auto
Equivalent register Removal        : YES

---- General Options
Optimization Goal                  : Speed
Optimization Effort                : 1
Library Search Order               : tmp.lso
Keep Hierarchy                     : NO
Netlist Hierarchy                  : as_optimized
RTL Output                         : Yes
Global Optimization                : AllClockNets
Read Cores                         : YES
Write Timing Constraints           : NO
Cross Clock Analysis               : NO
Hierarchy Separator                : /
Bus Delimiter                      : <>
Case Specifier                     : maintain
Slice Utilization Ratio            : 100
BRAM Utilization Ratio             : 100
Verilog 2001                       : YES
Auto BRAM Packing                  : NO
Slice Utilization Ratio Delta      : 5

=========================================================================


=========================================================================
*                          HDL Compilation                              *
=========================================================================
Compiling vhdl file "C:/My_Designs/procesadorUSB/uart/src/UC.vhd" in Library work.
Entity <uc> compiled.
Entity <uc> (Architecture <uc>) compiled.
Compiling vhdl file "C:/My_Designs/procesadorUSB/UCISE/uart.vhd" in Library work.
Architecture uart of Entity uart is up to date.
Compiling vhdl file "C:/My_Designs/procesadorUSB/UCISE/ucp.vhd" in Library work.
Architecture ucp of Entity ucp is up to date.
Compiling vhdl file "C:/My_Designs/procesadorUSB/UCISE/tmp.vhf" in Library work.
Entity <tmp> compiled.
Entity <tmp> (Architecture <behavioral>) compiled.

=========================================================================
*                     Design Hierarchy Analysis                         *
=========================================================================
Analyzing hierarchy for entity <tmp> in library <work> (architecture <behavioral>).

Analyzing hierarchy for entity <UC> in library <work> (architecture <uc>).

Analyzing hierarchy for entity <uart> in library <work> (architecture <uart>).

Analyzing hierarchy for entity <ucp> in library <work> (architecture <ucp>).


=========================================================================
*                            HDL Analysis                               *
=========================================================================
Analyzing Entity <tmp> in library <work> (Architecture <behavioral>).
WARNING:Xst:1962 - The length of the hex value for the attribute INITP_00 on instance XLXI_4 should be 256 bits long. The current value set is 63 bits long.  Value has been extended
    Set user-defined property "INITP_00 =  0000000000000000000000000000000000000000000000007FFFFFFFFFFFFFFF" for instance <XLXI_4> in unit <tmp>.
    Set user-defined property "INITP_01 =  0000000000000000000000000000000000000000000000000000000000000000" for instance <XLXI_4> in unit <tmp>.
WARNING:Xst:1962 - The length of the hex value for the attribute INITP_02 on instance XLXI_4 should be 256 bits long. The current value set is 63 bits long.  Value has been extended
    Set user-defined property "INITP_02 =  0000000000000000000000000000000000000000000000007FFFFFFFFFFFFFFF" for instance <XLXI_4> in unit <tmp>.
    Set user-defined property "INITP_03 =  0000000000000000000000000000000000000000000000000000000000000000" for instance <XLXI_4> in unit <tmp>.
WARNING:Xst:1962 - The length of the hex value for the attribute INITP_04 on instance XLXI_4 should be 256 bits long. The current value set is 63 bits long.  Value has been extended
    Set user-defined property "INITP_04 =  0000000000000000000000000000000000000000000000007FFFFFFFFFFFFFFF" for instance <XLXI_4> in unit <tmp>.
    Set user-defined property "INITP_05 =  0000000000000000000000000000000000000000000000000000000000000000" for instance <XLXI_4> in unit <tmp>.
WARNING:Xst:1962 - The length of the hex value for the attribute INITP_06 on instance XLXI_4 should be 256 bits long. The current value set is 63 bits long.  Value has been extended
    Set user-defined property "INITP_06 =  0000000000000000000000000000000000000000000000007FFFFFFFFFFFFFFF" for instance <XLXI_4> in unit <tmp>.
    Set user-defined property "INITP_07 =  0000000000000000000000000000000000000000000000000000000000000000" for instance <XLXI_4> in unit <tmp>.
WARNING:Xst:1962 - The length of the hex value for the attribute INIT_00 on instance XLXI_4 should be 256 bits long. The current value set is 63 bits long.  Value has been extended
    Set user-defined property "INIT_00 =  0000000000000000000000000000000000000000000000007FFFFFFFFFFFFFFF" for instance <XLXI_4> in unit <tmp>.
    Set user-defined property "INIT_01 =  0000000000000000000000000000000000000000000000000000000000000000" for instance <XLXI_4> in unit <tmp>.
    Set user-defined property "INIT_02 =  0000000000000000000000000000000000000000000000000000000000000000" for instance <XLXI_4> in unit <tmp>.
    Set user-defined property "INIT_03 =  0000000000000000000000000000000000000000000000000000000000000000" for instance <XLXI_4> in unit <tmp>.
    Set user-defined property "INIT_04 =  0000000000000000000000000000000000000000000000000000000000000000" for instance <XLXI_4> in unit <tmp>.
    Set user-defined property "INIT_05 =  0000000000000000000000000000000000000000000000000000000000000000" for instance <XLXI_4> in unit <tmp>.
    Set user-defined property "INIT_06 =  0000000000000000000000000000000000000000000000000000000000000000" for instance <XLXI_4> in unit <tmp>.
    Set user-defined property "INIT_07 =  0000000000000000000000000000000000000000000000000000000000000000" for instance <XLXI_4> in unit <tmp>.
    Set user-defined property "INIT_08 =  0000000000000000000000000000000000000000000000000000000000000000" for instance <XLXI_4> in unit <tmp>.
    Set user-defined property "INIT_09 =  0000000000000000000000000000000000000000000000000000000000000000" for instance <XLXI_4> in unit <tmp>.
    Set user-defined property "INIT_0A =  0000000000000000000000000000000000000000000000000000000000000000" for instance <XLXI_4> in unit <tmp>.
    Set user-defined property "INIT_0B =  0000000000000000000000000000000000000000000000000000000000000000" for instance <XLXI_4> in unit <tmp>.
    Set user-defined property "INIT_0C =  0000000000000000000000000000000000000000000000000000000000000000" for instance <XLXI_4> in unit <tmp>.
    Set user-defined property "INIT_0D =  0000000000000000000000000000000000000000000000000000000000000000" for instance <XLXI_4> in unit <tmp>.
    Set user-defined property "INIT_0E =  0000000000000000000000000000000000000000000000000000000000000000" for instance <XLXI_4> in unit <tmp>.
    Set user-defined property "INIT_0F =  0000000000000000000000000000000000000000000000000000000000000000" for instance <XLXI_4> in unit <tmp>.
    Set user-defined property "INIT_10 =  0000000000000000000000000000000000000000000000000000000000000000" for instance <XLXI_4> in unit <tmp>.
    Set user-defined property "INIT_11 =  0000000000000000000000000000000000000000000000000000000000000000" for instance <XLXI_4> in unit <tmp>.
    Set user-defined property "INIT_12 =  0000000000000000000000000000000000000000000000000000000000000000" for instance <XLXI_4> in unit <tmp>.
    Set user-defined property "INIT_13 =  0000000000000000000000000000000000000000000000000000000000000000" for instance <XLXI_4> in unit <tmp>.
    Set user-defined property "INIT_14 =  0000000000000000000000000000000000000000000000000000000000000000" for instance <XLXI_4> in unit <tmp>.
    Set user-defined property "INIT_15 =  0000000000000000000000000000000000000000000000000000000000000000" for instance <XLXI_4> in unit <tmp>.
    Set user-defined property "INIT_16 =  0000000000000000000000000000000000000000000000000000000000000000" for instance <XLXI_4> in unit <tmp>.
    Set user-defined property "INIT_17 =  0000000000000000000000000000000000000000000000000000000000000000" for instance <XLXI_4> in unit <tmp>.
    Set user-defined property "INIT_18 =  0000000000000000000000000000000000000000000000000000000000000000" for instance <XLXI_4> in unit <tmp>.
    Set user-defined property "INIT_19 =  0000000000000000000000000000000000000000000000000000000000000000" for instance <XLXI_4> in unit <tmp>.
    Set user-defined property "INIT_1A =  0000000000000000000000000000000000000000000000000000000000000000" for instance <XLXI_4> in unit <tmp>.
    Set user-defined property "INIT_1B =  0000000000000000000000000000000000000000000000000000000000000000" for instance <XLXI_4> in unit <tmp>.
    Set user-defined property "INIT_1C =  0000000000000000000000000000000000000000000000000000000000000000" for instance <XLXI_4> in unit <tmp>.
    Set user-defined property "INIT_1D =  0000000000000000000000000000000000000000000000000000000000000000" for instance <XLXI_4> in unit <tmp>.
    Set user-defined property "INIT_1E =  0000000000000000000000000000000000000000000000000000000000000000" for instance <XLXI_4> in unit <tmp>.
    Set user-defined property "INIT_1F =  0000000000000000000000000000000000000000000000000000000000000000" for instance <XLXI_4> in unit <tmp>.
    Set user-defined property "INIT_20 =  0000000000000000000000000000000000000000000000000000000000000000" for instance <XLXI_4> in unit <tmp>.
    Set user-defined property "INIT_21 =  0000000000000000000000000000000000000000000000000000000000000000" for instance <XLXI_4> in unit <tmp>.
    Set user-defined property "INIT_22 =  0000000000000000000000000000000000000000000000000000000000000000" for instance <XLXI_4> in unit <tmp>.
    Set user-defined property "INIT_23 =  0000000000000000000000000000000000000000000000000000000000000000" for instance <XLXI_4> in unit <tmp>.
    Set user-defined property "INIT_24 =  0000000000000000000000000000000000000000000000000000000000000000" for instance <XLXI_4> in unit <tmp>.
    Set user-defined property "INIT_25 =  0000000000000000000000000000000000000000000000000000000000000000" for instance <XLXI_4> in unit <tmp>.
    Set user-defined property "INIT_26 =  0000000000000000000000000000000000000000000000000000000000000000" for instance <XLXI_4> in unit <tmp>.
    Set user-defined property "INIT_27 =  0000000000000000000000000000000000000000000000000000000000000000" for instance <XLXI_4> in unit <tmp>.
    Set user-defined property "INIT_28 =  0000000000000000000000000000000000000000000000000000000000000000" for instance <XLXI_4> in unit <tmp>.
    Set user-defined property "INIT_29 =  0000000000000000000000000000000000000000000000000000000000000000" for instance <XLXI_4> in unit <tmp>.
    Set user-defined property "INIT_2A =  0000000000000000000000000000000000000000000000000000000000000000" for instance <XLXI_4> in unit <tmp>.
    Set user-defined property "INIT_2B =  0000000000000000000000000000000000000000000000000000000000000000" for instance <XLXI_4> in unit <tmp>.
    Set user-defined property "INIT_2C =  0000000000000000000000000000000000000000000000000000000000000000" for instance <XLXI_4> in unit <tmp>.
    Set user-defined property "INIT_2D =  0000000000000000000000000000000000000000000000000000000000000000" for instance <XLXI_4> in unit <tmp>.
    Set user-defined property "INIT_2E =  0000000000000000000000000000000000000000000000000000000000000000" for instance <XLXI_4> in unit <tmp>.
    Set user-defined property "INIT_2F =  0000000000000000000000000000000000000000000000000000000000000000" for instance <XLXI_4> in unit <tmp>.
    Set user-defined property "INIT_30 =  0000000000000000000000000000000000000000000000000000000000000000" for instance <XLXI_4> in unit <tmp>.
    Set user-defined property "INIT_31 =  0000000000000000000000000000000000000000000000000000000000000000" for instance <XLXI_4> in unit <tmp>.
    Set user-defined property "INIT_32 =  0000000000000000000000000000000000000000000000000000000000000000" for instance <XLXI_4> in unit <tmp>.
    Set user-defined property "INIT_33 =  0000000000000000000000000000000000000000000000000000000000000000" for instance <XLXI_4> in unit <tmp>.
    Set user-defined property "INIT_34 =  0000000000000000000000000000000000000000000000000000000000000000" for instance <XLXI_4> in unit <tmp>.
    Set user-defined property "INIT_35 =  0000000000000000000000000000000000000000000000000000000000000000" for instance <XLXI_4> in unit <tmp>.
    Set user-defined property "INIT_36 =  0000000000000000000000000000000000000000000000000000000000000000" for instance <XLXI_4> in unit <tmp>.
    Set user-defined property "INIT_37 =  0000000000000000000000000000000000000000000000000000000000000000" for instance <XLXI_4> in unit <tmp>.
    Set user-defined property "INIT_38 =  0000000000000000000000000000000000000000000000000000000000000000" for instance <XLXI_4> in unit <tmp>.
    Set user-defined property "INIT_39 =  0000000000000000000000000000000000000000000000000000000000000000" for instance <XLXI_4> in unit <tmp>.
    Set user-defined property "INIT_3A =  0000000000000000000000000000000000000000000000000000000000000000" for instance <XLXI_4> in unit <tmp>.
    Set user-defined property "INIT_3B =  0000000000000000000000000000000000000000000000000000000000000000" for instance <XLXI_4> in unit <tmp>.
    Set user-defined property "INIT_3C =  0000000000000000000000000000000000000000000000000000000000000000" for instance <XLXI_4> in unit <tmp>.
    Set user-defined property "INIT_3D =  0000000000000000000000000000000000000000000000000000000000000000" for instance <XLXI_4> in unit <tmp>.
    Set user-defined property "INIT_3E =  0000000000000000000000000000000000000000000000000000000000000000" for instance <XLXI_4> in unit <tmp>.
    Set user-defined property "INIT_3F =  0000000000000000000000000000000000000000000000000000000000000000" for instance <XLXI_4> in unit <tmp>.
    Set user-defined property "INIT_A =  000" for instance <XLXI_4> in unit <tmp>.
    Set user-defined property "INIT_B =  00000" for instance <XLXI_4> in unit <tmp>.
    Set user-defined property "SIM_COLLISION_CHECK =  ALL" for instance <XLXI_4> in unit <tmp>.
    Set user-defined property "SRVAL_A =  000" for instance <XLXI_4> in unit <tmp>.
    Set user-defined property "SRVAL_B =  00000" for instance <XLXI_4> in unit <tmp>.
    Set user-defined property "WRITE_MODE_A =  WRITE_FIRST" for instance <XLXI_4> in unit <tmp>.
    Set user-defined property "WRITE_MODE_B =  WRITE_FIRST" for instance <XLXI_4> in unit <tmp>.
Entity <tmp> analyzed. Unit <tmp> generated.

Analyzing Entity <UC> in library <work> (Architecture <uc>).
Entity <UC> analyzed. Unit <UC> generated.

Analyzing Entity <uart> in library <work> (Architecture <uart>).
Entity <uart> analyzed. Unit <uart> generated.

Analyzing Entity <ucp> in library <work> (Architecture <ucp>).
INFO:Xst:2679 - Register <RD> in unit <ucp> has a constant value of 0 during circuit operation. The register is replaced by logic.
Entity <ucp> analyzed. Unit <ucp> generated.


=========================================================================
*                           HDL Synthesis                               *
=========================================================================

Performing bidirectional port resolution...

Synthesizing Unit <UC>.
    Related source file is "C:/My_Designs/procesadorUSB/uart/src/UC.vhd".
WARNING:Xst:647 - Input <btn> is never used. This port will be preserved and left unconnected if it belongs to a top-level block or it belongs to a sub-block and the hierarchy of this sub-block is preserved.
WARNING:Xst:647 - Input <IR> is never used. This port will be preserved and left unconnected if it belongs to a top-level block or it belongs to a sub-block and the hierarchy of this sub-block is preserved.
    Found 8-bit register for signal <dato>.
    Found 26-bit up counter for signal <C>.
    Found 10-bit up counter for signal <TPC>.
    Summary:
	inferred   2 Counter(s).
	inferred   8 D-type flip-flop(s).
Unit <UC> synthesized.


Synthesizing Unit <uart>.
    Related source file is "C:/My_Designs/procesadorUSB/UCISE/uart.vhd".
WARNING:Xst:647 - Input <txe> is never used. This port will be preserved and left unconnected if it belongs to a top-level block or it belongs to a sub-block and the hierarchy of this sub-block is preserved.
    Found 8-bit register for signal <dato>.
    Found 1-bit register for signal <da>.
    Found 1-bit register for signal <rd>.
    Found 8-bit 8-to-1 multiplexer for signal <dato$mux0000> created at line 63.
    Found 3-bit register for signal <edo>.
    Found 3-bit adder for signal <edo$addsub0000> created at line 72.
    Found 3-bit 8-to-1 multiplexer for signal <edo$mux0000> created at line 63.
    Summary:
	inferred  13 D-type flip-flop(s).
	inferred   1 Adder/Subtractor(s).
	inferred  11 Multiplexer(s).
Unit <uart> synthesized.


Synthesizing Unit <ucp>.
    Related source file is "C:/My_Designs/procesadorUSB/UCISE/ucp.vhd".
WARNING:Xst:646 - Signal <H<7:3>> is assigned but never used. This unconnected signal will be trimmed during the optimization process.
    Found finite state machine <FSM_0> for signal <edo>.
    -----------------------------------------------------------------------
    | States             | 5                                              |
    | Transitions        | 8                                              |
    | Inputs             | 3                                              |
    | Outputs            | 8                                              |
    | Clock              | clk                       (falling_edge)       |
    | Clock enable       | TDA                       (negative)           |
    | Reset              | rst                       (positive)           |
    | Reset type         | synchronous                                    |
    | Reset State        | 000                                            |
    | Power Up State     | 000                                            |
    | Encoding           | automatic                                      |
    | Implementation     | LUT                                            |
    -----------------------------------------------------------------------
    Found finite state machine <FSM_1> for signal <edoWR>.
    -----------------------------------------------------------------------
    | States             | 4                                              |
    | Transitions        | 4                                              |
    | Inputs             | 0                                              |
    | Outputs            | 3                                              |
    | Clock              | clk                       (falling_edge)       |
    | Clock enable       | edoWR$not0000             (positive)           |
    | Reset              | rst                       (positive)           |
    | Reset type         | synchronous                                    |
    | Reset State        | 000                                            |
    | Power Up State     | 000                                            |
    | Encoding           | automatic                                      |
    | Implementation     | LUT                                            |
    -----------------------------------------------------------------------
    Found 8-bit register for signal <dato>.
    Found 1-bit register for signal <P_OK>.
    Found 1-bit register for signal <WR>.
    Found 8-bit register for signal <cont>.
    Found 8-bit subtractor for signal <cont$addsub0000> created at line 106.
    Found 8-bit register for signal <H>.
    Found 1-bit register for signal <TDA>.
    Found 8-bit register for signal <TDato>.
    Found 11-bit register for signal <Tdir>.
    Found 11-bit adder for signal <Tdir$addsub0000> created at line 113.
    Summary:
	inferred   2 Finite State Machine(s).
	inferred  46 D-type flip-flop(s).
	inferred   2 Adder/Subtractor(s).
Unit <ucp> synthesized.


Synthesizing Unit <tmp>.
    Related source file is "C:/My_Designs/procesadorUSB/UCISE/tmp.vhf".
WARNING:Xst:653 - Signal <XLXI_4_DIPB_openSignal> is used but never assigned. This sourceless signal will be automatically connected to value 00.
WARNING:Xst:653 - Signal <XLXI_4_DIPA_openSignal<0>> is used but never assigned. This sourceless signal will be automatically connected to value 0.
WARNING:Xst:653 - Signal <XLXI_4_DIB_openSignal> is used but never assigned. This sourceless signal will be automatically connected to value 0000000000000000.
Unit <tmp> synthesized.


=========================================================================
HDL Synthesis Report

Macro Statistics
# Adders/Subtractors                                   : 3
 11-bit adder                                          : 1
 3-bit adder                                           : 1
 8-bit subtractor                                      : 1
# Counters                                             : 2
 10-bit up counter                                     : 1
 26-bit up counter                                     : 1
# Registers                                            : 13
 1-bit register                                        : 5
 11-bit register                                       : 1
 3-bit register                                        : 1
 8-bit register                                        : 6
# Multiplexers                                         : 2
 3-bit 8-to-1 multiplexer                              : 1
 8-bit 8-to-1 multiplexer                              : 1

=========================================================================

=========================================================================
*                       Advanced HDL Synthesis                          *
=========================================================================

Analyzing FSM <FSM_1> for best encoding.
Optimizing FSM <XLXI_3/edoWR/FSM> on signal <edoWR[1:4]> with one-hot encoding.
-------------------
 State | Encoding
-------------------
 000   | 0001
 001   | 0010
 010   | 0100
 011   | 1000
-------------------
Analyzing FSM <FSM_0> for best encoding.
Optimizing FSM <XLXI_3/edo/FSM> on signal <edo[1:5]> with one-hot encoding.
-------------------
 State | Encoding
-------------------
 000   | 00001
 001   | 00010
 010   | 00100
 011   | 01000
 100   | 10000
-------------------
WARNING:Xst:2677 - Node <H_3> of sequential type is unconnected in block <XLXI_3>.
WARNING:Xst:2677 - Node <H_4> of sequential type is unconnected in block <XLXI_3>.
WARNING:Xst:2677 - Node <H_5> of sequential type is unconnected in block <XLXI_3>.
WARNING:Xst:2677 - Node <H_6> of sequential type is unconnected in block <XLXI_3>.
WARNING:Xst:2677 - Node <H_7> of sequential type is unconnected in block <XLXI_3>.
WARNING:Xst:2677 - Node <H_3> of sequential type is unconnected in block <ucp>.
WARNING:Xst:2677 - Node <H_4> of sequential type is unconnected in block <ucp>.
WARNING:Xst:2677 - Node <H_5> of sequential type is unconnected in block <ucp>.
WARNING:Xst:2677 - Node <H_6> of sequential type is unconnected in block <ucp>.
WARNING:Xst:2677 - Node <H_7> of sequential type is unconnected in block <ucp>.

=========================================================================
Advanced HDL Synthesis Report

Macro Statistics
# FSMs                                                 : 2
# Adders/Subtractors                                   : 3
 11-bit adder                                          : 1
 3-bit adder                                           : 1
 8-bit subtractor                                      : 1
# Counters                                             : 2
 10-bit up counter                                     : 1
 26-bit up counter                                     : 1
# Registers                                            : 62
 Flip-Flops                                            : 62
# Multiplexers                                         : 2
 3-bit 8-to-1 multiplexer                              : 1
 8-bit 8-to-1 multiplexer                              : 1

=========================================================================

=========================================================================
*                         Low Level Synthesis                           *
=========================================================================

Optimizing unit <tmp> ...

Optimizing unit <UC> ...

Optimizing unit <uart> ...

Optimizing unit <ucp> ...

Mapping all equations...
Building and optimizing final netlist ...
Found area constraint ratio of 100 (+ 5) on block tmp, actual ratio is 2.

Final Macro Processing ...

=========================================================================
Final Register Report

Macro Statistics
# Registers                                            : 107
 Flip-Flops                                            : 107

=========================================================================

=========================================================================
*                           Partition Report                            *
=========================================================================

Partition Implementation Status
-------------------------------

  No Partitions were found in this design.

-------------------------------

=========================================================================
*                            Final Report                               *
=========================================================================
Final Results
RTL Top Level Output File Name     : tmp.ngr
Top Level Output File Name         : tmp
Output Format                      : NGC
Optimization Goal                  : Speed
Keep Hierarchy                     : NO

Design Statistics
# IOs                              : 22

Cell Usage :
# BELS                             : 294
#      GND                         : 1
#      INV                         : 5
#      LUT1                        : 44
#      LUT2                        : 25
#      LUT2_L                      : 2
#      LUT3                        : 20
#      LUT3_D                      : 3
#      LUT3_L                      : 12
#      LUT4                        : 66
#      LUT4_D                      : 5
#      LUT4_L                      : 10
#      MUXCY                       : 49
#      MUXF5                       : 4
#      VCC                         : 1
#      XORCY                       : 47
# FlipFlops/Latches                : 107
#      FDC                         : 26
#      FDCE                        : 10
#      FDE_1                       : 46
#      FDR_1                       : 3
#      FDRE_1                      : 8
#      FDRS_1                      : 1
#      FDS_1                       : 9
#      FDSE_1                      : 4
# RAMS                             : 1
#      RAMB16_S9_S18               : 1
# Clock Buffers                    : 1
#      BUFGP                       : 1
# IO Buffers                       : 19
#      IBUF                        : 10
#      OBUF                        : 9
=========================================================================

Device utilization summary:
---------------------------

Selected Device : 3s500efg320-5 

 Number of Slices:                      102  out of   4656     2%  
 Number of Slice Flip Flops:            107  out of   9312     1%  
 Number of 4 input LUTs:                192  out of   9312     2%  
 Number of IOs:                          22
 Number of bonded IOBs:                  20  out of    232     8%  
 Number of BRAMs:                         1  out of     20     5%  
 Number of GCLKs:                         1  out of     24     4%  

---------------------------
Partition Resource Summary:
---------------------------

  No Partitions were found in this design.

---------------------------


=========================================================================
TIMING REPORT

NOTE: THESE TIMING NUMBERS ARE ONLY A SYNTHESIS ESTIMATE.
      FOR ACCURATE TIMING INFORMATION PLEASE REFER TO THE TRACE REPORT
      GENERATED AFTER PLACE-and-ROUTE.

Clock Information:
------------------
-----------------------------------+------------------------+-------+
Clock Signal                       | Clock buffer(FF name)  | Load  |
-----------------------------------+------------------------+-------+
clk                                | BUFGP                  | 108   |
-----------------------------------+------------------------+-------+

Asynchronous Control Signals Information:
----------------------------------------
-----------------------------------------------+------------------------+-------+
Control Signal                                 | Buffer(FF name)        | Load  |
-----------------------------------------------+------------------------+-------+
XLXI_1/C_cmp_eq0000(XLXI_1/C_cmp_eq000029_f5:O)| NONE(XLXI_1/C_0)       | 26    |
rst                                            | IBUF                   | 10    |
-----------------------------------------------+------------------------+-------+

Timing Summary:
---------------
Speed Grade: -5

   Minimum period: 5.091ns (Maximum Frequency: 196.437MHz)
   Minimum input arrival time before clock: 5.026ns
   Maximum output required time after clock: 4.063ns
   Maximum combinational path delay: No path found

Timing Detail:
--------------
All values displayed in nanoseconds (ns)

=========================================================================
Timing constraint: Default period analysis for Clock 'clk'
  Clock period: 5.091ns (frequency: 196.437MHz)
  Total number of paths / destination ports: 1568 / 206
-------------------------------------------------------------------------
Delay:               5.091ns (Levels of Logic = 4)
  Source:            XLXI_3/cont_2 (FF)
  Destination:       XLXI_3/cont_7 (FF)
  Source Clock:      clk falling
  Destination Clock: clk falling

  Data Path: XLXI_3/cont_2 to XLXI_3/cont_7
                                Gate     Net
    Cell:in->out      fanout   Delay   Delay  Logical Name (Net Name)
    ----------------------------------------  ------------
     FDE_1:C->Q            4   0.514   0.651  XLXI_3/cont_2 (XLXI_3/cont_2)
     LUT3:I0->O            7   0.612   0.605  XLXI_3/cont_mux0000<2>21 (XLXI_3/N10)
     LUT4:I3->O            4   0.612   0.502  XLXI_3/cont_mux0000<7>21 (XLXI_3/N7)
     LUT4_L:I3->LO         1   0.612   0.103  XLXI_3/cont_mux0000<5>10 (XLXI_3/cont_mux0000<5>10)
     LUT4:I3->O            1   0.612   0.000  XLXI_3/cont_mux0000<5>38 (XLXI_3/cont_mux0000<5>)
     FDE_1:D                   0.268          XLXI_3/cont_5
    ----------------------------------------
    Total                      5.091ns (3.230ns logic, 1.861ns route)
                                       (63.4% logic, 36.6% route)

=========================================================================
Timing constraint: Default OFFSET IN BEFORE for Clock 'clk'
  Total number of paths / destination ports: 80 / 80
-------------------------------------------------------------------------
Offset:              5.026ns (Levels of Logic = 3)
  Source:            rst (PAD)
  Destination:       XLXI_1/dato_7 (FF)
  Destination Clock: clk falling

  Data Path: rst to XLXI_1/dato_7
                                Gate     Net
    Cell:in->out      fanout   Delay   Delay  Logical Name (Net Name)
    ----------------------------------------  ------------
     IBUF:I->O            40   1.106   1.144  rst_IBUF (rst_IBUF)
     LUT2:I1->O            1   0.612   0.426  XLXI_1/seg_cmp_eq000022_SW0 (N28)
     LUT4:I1->O            8   0.612   0.643  XLXI_1/dato_and00001 (XLXI_1/dato_and0000)
     FDE_1:CE                  0.483          XLXI_1/dato_0
    ----------------------------------------
    Total                      5.026ns (2.813ns logic, 2.213ns route)
                                       (56.0% logic, 44.0% route)

=========================================================================
Timing constraint: Default OFFSET OUT AFTER for Clock 'clk'
  Total number of paths / destination ports: 9 / 9
-------------------------------------------------------------------------
Offset:              4.063ns (Levels of Logic = 1)
  Source:            XLXI_2/rd (FF)
  Destination:       rd (PAD)
  Source Clock:      clk falling

  Data Path: XLXI_2/rd to rd
                                Gate     Net
    Cell:in->out      fanout   Delay   Delay  Logical Name (Net Name)
    ----------------------------------------  ------------
     FDS_1:C->Q            2   0.514   0.380  XLXI_2/rd (XLXI_2/rd)
     OBUF:I->O                 3.169          rd_OBUF (rd)
    ----------------------------------------
    Total                      4.063ns (3.683ns logic, 0.380ns route)
                                       (90.6% logic, 9.4% route)

=========================================================================


Total REAL time to Xst completion: 4.00 secs
Total CPU time to Xst completion: 3.86 secs
 
--> 

Total memory usage is 154748 kilobytes

Number of errors   :    0 (   0 filtered)
Number of warnings :   22 (   0 filtered)
Number of infos    :    1 (   0 filtered)

